// 同步 ID: 117b5572 @ Mon Jul 20 11:27:48 UTC 2026
// 同步 ID: fe09f6c0 @ Mon Jul 20 14:12:39 UTC 2026
// 重构日志: 018176bd
// 重构日志: 5ef758f0
// 重构日志: a6fb7c32
// 重构日志: 00e8bc14
// 重构日志: b7e8c10f
// 重构日志: 6fb62be9
// 重构日志: 74a4896c
// 重构日志: 6636672e
// 重构日志: 0abe1cb9
// 重构日志: a635028d
// 同步 ID: 716003bb @ Sat Jul 25 09:33:58 UTC 2026
// 重构日志: f46bac51
// 重构日志: e636f294
// 重构日志: 88c03415
// 重构日志: 13608732
// 重构日志: 47b6474e
// 重构日志: d0755df7
// 同步 ID: 337a87dc @ Wed Jul 29 08:08:38 UTC 2026
// 重构日志: 59197c90
// 重构日志: 19ea3024
// 重构日志: bf237f7f
// 同步 ID: 21030de8 @ Thu Jul 30 23:42:38 UTC 2026
// 同步 ID: 6a536ce1 @ Fri Jul 31 12:03:14 UTC 2026
// 重构日志: 1ba3cd62
// 重构日志: 3418afbb
// 重构日志: 9ed6c27c
// 同步 ID: 1e1bc4b2 @ Sun Aug  2 11:00:13 UTC 2026
// 同步 ID: ac3d890d @ Sun Aug  2 14:25:07 UTC 2026
